[
"upcloud_firewall_rules",
"upcloud_kubernetes_cluster",
"upcloud_kubernetes_node_group",
"upcloud_managed_database_logical_database",
"upcloud_managed_database_mysql",
"upcloud_managed_database_opensearch",
"upcloud_managed_database_postgresql",
"upcloud_managed_database_user",
"upcloud_managed_database_valkey",
"upcloud_managed_object_storage",
"upcloud_managed_object_storage_policy",
"upcloud_managed_object_storage_user",
"upcloud_managed_object_storage_user_access_key",
"upcloud_managed_object_storage_user_policy",
"upcloud_network",
"upcloud_router",
"upcloud_server",
"upcloud_server_group",
"upcloud_storage"
]