[
"upcloud_file_storage",
"upcloud_file_storage_share",
"upcloud_file_storage_share_acl",
"upcloud_firewall_rules",
"upcloud_firewall_ruleset",
"upcloud_floating_ip_address",
"upcloud_gateway",
"upcloud_gateway_connection",
"upcloud_gateway_connection_tunnel",
"upcloud_kubernetes_cluster",
"upcloud_kubernetes_node_group",
"upcloud_loadbalancer",
"upcloud_loadbalancer_backend",
"upcloud_loadbalancer_backend_tls_config",
"upcloud_loadbalancer_dynamic_backend_member",
"upcloud_loadbalancer_dynamic_certificate_bundle",
"upcloud_loadbalancer_frontend",
"upcloud_loadbalancer_frontend_rule",
"upcloud_loadbalancer_frontend_tls_config",
"upcloud_loadbalancer_manual_certificate_bundle",
"upcloud_loadbalancer_resolver",
"upcloud_loadbalancer_static_backend_member",
"upcloud_managed_database_connection_pool",
"upcloud_managed_database_logical_database",
"upcloud_managed_database_mysql",
"upcloud_managed_database_opensearch",
"upcloud_managed_database_postgresql",
"upcloud_managed_database_user",
"upcloud_managed_database_valkey",
"upcloud_managed_object_storage",
"upcloud_managed_object_storage_bucket",
"upcloud_managed_object_storage_custom_domain",
"upcloud_managed_object_storage_policy",
"upcloud_managed_object_storage_static_site",
"upcloud_managed_object_storage_user",
"upcloud_managed_object_storage_user_access_key",
"upcloud_managed_object_storage_user_policy",
"upcloud_network",
"upcloud_network_peering",
"upcloud_router",
"upcloud_server",
"upcloud_server_group",
"upcloud_server_private_firewall_ruleset",
"upcloud_storage",
"upcloud_storage_backup",
"upcloud_storage_template",
"upcloud_tag"
]